
> frontend@0.1.0 build
> next build

Γû▓ Next.js 16.1.7 (Turbopack)
- Environments: .env.local

  Creating an optimized production build ...
Γ£ô Compiled successfully in 11.1s
  Running TypeScript ...
  Collecting page data using 13 workers ...
  Generating static pages using 13 workers (0/11) ...
  Generating static pages using 13 workers (2/11) 
  Generating static pages using 13 workers (5/11) 
  Generating static pages using 13 workers (8/11) 
Γ£ô Generating static pages using 13 workers (11/11) in 582.9ms
  Finalizing page optimization ...

Route (app)
Γöî Γùï /
Γö£ Γùï /_not-found
Γö£ Γùï /create
Γö£ Γùï /create-team
Γö£ Γùï /dashboard
Γö£ Γùï /login
Γö£ Γùï /members
Γö£ Γùï /register
Γö£ Γùï /view
Γö£ ╞Æ /workspace/[projectId]/settings
Γö£ ╞Æ /workspace/[projectId]/ws-create-task
Γö£ ╞Æ /workspace/[projectId]/ws-dashboard
Γöö ╞Æ /workspace/[projectId]/ws-view


Γùï  (Static)   prerendered as static content
╞Æ  (Dynamic)  server-rendered on demand

